// Jest Snapshot v1, https://goo.gl/fbAQLP

exports[`The admin component should render without crashing 1`] = `<DocumentFragment />`;
