// Jest Snapshot v1, https://goo.gl/fbAQLP

exports[`The Dashboard component should render without crashing 1`] = `
<DocumentFragment>
  <div
    id="AddTaskDialog"
  >
    <button
      class="MuiButtonBase-root MuiButton-root MuiButton-outlined MuiButton-outlinedPrimary"
      id="add-task"
      tabindex="0"
      type="button"
    >
      <span
        class="MuiButton-label"
      >
        Add Task
      </span>
      <span
        class="MuiTouchRipple-root"
      />
    </button>
  </div>
</DocumentFragment>
`;
